Archive member included to satisfy reference by file (symbol)

c:/program files (x86)/atmel/studio/7.0/toolchain/avr8/avr8-gnu-toolchain/bin/../lib/gcc/avr/5.4.0/../../../../avr/lib/avr6\libm.a(addsf3.o)
                              main.o (__subsf3)
c:/program files (x86)/atmel/studio/7.0/toolchain/avr8/avr8-gnu-toolchain/bin/../lib/gcc/avr/5.4.0/../../../../avr/lib/avr6\libm.a(addsf3x.o)
                              c:/program files (x86)/atmel/studio/7.0/toolchain/avr8/avr8-gnu-toolchain/bin/../lib/gcc/avr/5.4.0/../../../../avr/lib/avr6\libm.a(addsf3.o) (__addsf3x)
c:/program files (x86)/atmel/studio/7.0/toolchain/avr8/avr8-gnu-toolchain/bin/../lib/gcc/avr/5.4.0/../../../../avr/lib/avr6\libm.a(atan2.o)
                              main.o (atan2)
c:/program files (x86)/atmel/studio/7.0/toolchain/avr8/avr8-gnu-toolchain/bin/../lib/gcc/avr/5.4.0/../../../../avr/lib/avr6\libm.a(atan.o)
                              c:/program files (x86)/atmel/studio/7.0/toolchain/avr8/avr8-gnu-toolchain/bin/../lib/gcc/avr/5.4.0/../../../../avr/lib/avr6\libm.a(atan2.o) (atan)
c:/program files (x86)/atmel/studio/7.0/toolchain/avr8/avr8-gnu-toolchain/bin/../lib/gcc/avr/5.4.0/../../../../avr/lib/avr6\libm.a(cmpsf2.o)
                              mpu9250.o (__eqsf2)
c:/program files (x86)/atmel/studio/7.0/toolchain/avr8/avr8-gnu-toolchain/bin/../lib/gcc/avr/5.4.0/../../../../avr/lib/avr6\libm.a(divsf3.o)
                              main.o (__divsf3)
c:/program files (x86)/atmel/studio/7.0/toolchain/avr8/avr8-gnu-toolchain/bin/../lib/gcc/avr/5.4.0/../../../../avr/lib/avr6\libm.a(divsf3x.o)
                              c:/program files (x86)/atmel/studio/7.0/toolchain/avr8/avr8-gnu-toolchain/bin/../lib/gcc/avr/5.4.0/../../../../avr/lib/avr6\libm.a(divsf3.o) (__divsf3x)
c:/program files (x86)/atmel/studio/7.0/toolchain/avr8/avr8-gnu-toolchain/bin/../lib/gcc/avr/5.4.0/../../../../avr/lib/avr6\libm.a(fixsfsi.o)
                              main.o (__fixsfsi)
c:/program files (x86)/atmel/studio/7.0/toolchain/avr8/avr8-gnu-toolchain/bin/../lib/gcc/avr/5.4.0/../../../../avr/lib/avr6\libm.a(fixunssfsi.o)
                              XM430.o (__fixunssfsi)
c:/program files (x86)/atmel/studio/7.0/toolchain/avr8/avr8-gnu-toolchain/bin/../lib/gcc/avr/5.4.0/../../../../avr/lib/avr6\libm.a(floatsisf.o)
                              mpu9250.o (__floatunsisf)
c:/program files (x86)/atmel/studio/7.0/toolchain/avr8/avr8-gnu-toolchain/bin/../lib/gcc/avr/5.4.0/../../../../avr/lib/avr6\libm.a(fp_cmp.o)
                              c:/program files (x86)/atmel/studio/7.0/toolchain/avr8/avr8-gnu-toolchain/bin/../lib/gcc/avr/5.4.0/../../../../avr/lib/avr6\libm.a(cmpsf2.o) (__fp_cmp)
c:/program files (x86)/atmel/studio/7.0/toolchain/avr8/avr8-gnu-toolchain/bin/../lib/gcc/avr/5.4.0/../../../../avr/lib/avr6\libm.a(fp_inf.o)
                              c:/program files (x86)/atmel/studio/7.0/toolchain/avr8/avr8-gnu-toolchain/bin/../lib/gcc/avr/5.4.0/../../../../avr/lib/avr6\libm.a(addsf3x.o) (__fp_inf)
c:/program files (x86)/atmel/studio/7.0/toolchain/avr8/avr8-gnu-toolchain/bin/../lib/gcc/avr/5.4.0/../../../../avr/lib/avr6\libm.a(fp_nan.o)
                              c:/program files (x86)/atmel/studio/7.0/toolchain/avr8/avr8-gnu-toolchain/bin/../lib/gcc/avr/5.4.0/../../../../avr/lib/avr6\libm.a(addsf3x.o) (__fp_nan)
c:/program files (x86)/atmel/studio/7.0/toolchain/avr8/avr8-gnu-toolchain/bin/../lib/gcc/avr/5.4.0/../../../../avr/lib/avr6\libm.a(fp_powser.o)
                              c:/program files (x86)/atmel/studio/7.0/toolchain/avr8/avr8-gnu-toolchain/bin/../lib/gcc/avr/5.4.0/../../../../avr/lib/avr6\libm.a(atan.o) (__fp_powser)
c:/program files (x86)/atmel/studio/7.0/toolchain/avr8/avr8-gnu-toolchain/bin/../lib/gcc/avr/5.4.0/../../../../avr/lib/avr6\libm.a(fp_pscA.o)
                              c:/program files (x86)/atmel/studio/7.0/toolchain/avr8/avr8-gnu-toolchain/bin/../lib/gcc/avr/5.4.0/../../../../avr/lib/avr6\libm.a(addsf3x.o) (__fp_pscA)
c:/program files (x86)/atmel/studio/7.0/toolchain/avr8/avr8-gnu-toolchain/bin/../lib/gcc/avr/5.4.0/../../../../avr/lib/avr6\libm.a(fp_pscB.o)
                              c:/program files (x86)/atmel/studio/7.0/toolchain/avr8/avr8-gnu-toolchain/bin/../lib/gcc/avr/5.4.0/../../../../avr/lib/avr6\libm.a(addsf3x.o) (__fp_pscB)
c:/program files (x86)/atmel/studio/7.0/toolchain/avr8/avr8-gnu-toolchain/bin/../lib/gcc/avr/5.4.0/../../../../avr/lib/avr6\libm.a(fp_round.o)
                              c:/program files (x86)/atmel/studio/7.0/toolchain/avr8/avr8-gnu-toolchain/bin/../lib/gcc/avr/5.4.0/../../../../avr/lib/avr6\libm.a(addsf3.o) (__fp_round)
c:/program files (x86)/atmel/studio/7.0/toolchain/avr8/avr8-gnu-toolchain/bin/../lib/gcc/avr/5.4.0/../../../../avr/lib/avr6\libm.a(fp_split3.o)
                              c:/program files (x86)/atmel/studio/7.0/toolchain/avr8/avr8-gnu-toolchain/bin/../lib/gcc/avr/5.4.0/../../../../avr/lib/avr6\libm.a(addsf3x.o) (__fp_split3)
[...]
Memory Configuration

Name             Origin             Length             Attributes
text             0x00000000         0x00100000         xr
data             0x00800200         0x0000fe00         rw !x
eeprom           0x00810000         0x00010000         rw !x
fuse             0x00820000         0x00000003         rw !x
lock             0x00830000         0x00000400         rw !x
signature        0x00840000         0x00000400         rw !x
user_signatures  0x00850000         0x00000400         rw !x
*default*        0x00000000         0xffffffff

Linker script and memory map

Address of section .data set to 0x800200
LOAD C:/Program Files (x86)/Atmel/Studio/7.0/Packs/Atmel/ATmega_DFP/1.3.300/gcc/dev/atmega2560/avr6/crtatmega2560.o
LOAD GPS.o
LOAD main.o
LOAD mpu9250.o
LOAD Timer.o
LOAD twi.o
LOAD UART.o
LOAD XM430.o
START GROUP
LOAD c:/program files (x86)/atmel/studio/7.0/toolchain/avr8/avr8-gnu-toolchain/bin/../lib/gcc/avr/5.4.0/../../../../avr/lib/avr6\libm.a
END GROUP
LOAD c:/program files (x86)/atmel/studio/7.0/toolchain/avr8/avr8-gnu-toolchain/bin/../lib/gcc/avr/5.4.0/../../../../avr/lib/avr6\libprintf_flt.a
START GROUP
LOAD c:/program files (x86)/atmel/studio/7.0/toolchain/avr8/avr8-gnu-toolchain/bin/../lib/gcc/avr/5.4.0/avr6\libgcc.a
LOAD c:/program files (x86)/atmel/studio/7.0/toolchain/avr8/avr8-gnu-toolchain/bin/../lib/gcc/avr/5.4.0/../../../../avr/lib/avr6\libm.a
LOAD c:/program files (x86)/atmel/studio/7.0/toolchain/avr8/avr8-gnu-toolchain/bin/../lib/gcc/avr/5.4.0/../../../../avr/lib/avr6\libc.a
LOAD C:/Program Files (x86)/Atmel/Studio/7.0/Packs/Atmel/ATmega_DFP/1.3.300/gcc/dev/atmega2560/avr6\libatmega2560.a
END GROUP
                0x00100000                __TEXT_REGION_LENGTH__ = DEFINED (__TEXT_REGION_LENGTH__)?__TEXT_REGION_LENGTH__:0x100000
                0x0000fe00                __DATA_REGION_LENGTH__ = DEFINED (__DATA_REGION_LENGTH__)?__DATA_REGION_LENGTH__:0xfe00
                0x00010000                __EEPROM_REGION_LENGTH__ = DEFINED (__EEPROM_REGION_LENGTH__)?__EEPROM_REGION_LENGTH__:0x10000
                [0x00000003]                __FUSE_REGION_LENGTH__ = DEFINED (__FUSE_REGION_LENGTH__)?__FUSE_REGION_LENGTH__:0x400
                0x00000400                __LOCK_REGION_LENGTH__ = DEFINED (__LOCK_REGION_LENGTH__)?__LOCK_REGION_LENGTH__:0x400
                0x00000400                __SIGNATURE_REGION_LENGTH__ = DEFINED (__SIGNATURE_REGION_LENGTH__)?__SIGNATURE_REGION_LENGTH__:0x400
                0x00000400                __USER_SIGNATURE_REGION_LENGTH__ = DEFINED (__USER_SIGNATURE_REGION_LENGTH__)?__USER_SIGNATURE_REGION_LENGTH__:0x400

.hash
 *(.hash)

.dynsym
 *(.dynsym)

.dynstr
 *(.dynstr)

.gnu.version
 *(.gnu.version)

.gnu.version_d
 *(.gnu.version_d)

.gnu.version_r
 *(.gnu.version_r)

.rel.init
 *(.rel.init)

.rela.init
 *(.rela.init)

.rel.text
 *(.rel.text)
 *(.rel.text.*)
 *(.rel.gnu.linkonce.t*)

.rela.text
 *(.rela.text)
 *(.rela.text.*)
 *(.rela.gnu.linkonce.t*)

.rel.fini
 *(.rel.fini)

.rela.fini
 *(.rela.fini)

.rel.rodata
 *(.rel.rodata)
 *(.rel.rodata.*)
 *(.rel.gnu.linkonce.r*)

.rela.rodata
 *(.rela.rodata)
 *(.rela.rodata.*)
 *(.rela.gnu.linkonce.r*)

.rel.data
 *(.rel.data)
 *(.rel.data.*)
 *(.rel.gnu.linkonce.d*)

.rela.data
 *(.rela.data)
 *(.rela.data.*)
 *(.rela.gnu.linkonce.d*)

.rel.ctors
 *(.rel.ctors)

.rela.ctors
 *(.rela.ctors)

.rel.dtors
 *(.rel.dtors)

.rela.dtors
 *(.rela.dtors)

.rel.got
 *(.rel.got)

.rela.got
 *(.rela.got)

.rel.bss
 *(.rel.bss)

.rela.bss
 *(.rela.bss)

.rel.plt
 *(.rel.plt)

.rela.plt
 *(.rela.plt)

.text           0x00000000     0x4564
 *(.vectors)
 .vectors       0x00000000       0xe4 C:/Program Files (x86)/Atmel/Studio/7.0/Packs/Atmel/ATmega_DFP/1.3.300/gcc/dev/atmega2560/avr6/crtatmega2560.o
                0x00000000                __vector_default
                0x00000000                __vectors
 *(.vectors)
 *(.progmem.gcc*)
 .progmem.gcc_sw_table.__vector_39
                0x000000e4      0x192 twi.o
 .progmem.gcc_fplib
                0x00000276       0x2d c:/program files (x86)/atmel/studio/7.0/toolchain/avr8/avr8-gnu-toolchain/bin/../lib/gcc/avr/5.4.0/../../../../avr/lib/avr6\libm.a(atan.o)
 .progmem.gcc_fplib
                0x000002a3       0x28 c:/program files (x86)/atmel/studio/7.0/toolchain/avr8/avr8-gnu-toolchain/bin/../lib/gcc/avr/5.4.0/../../../../avr/lib/avr6\libm.a(exp.o)
 .progmem.gcc_fplib
                0x000002cb       0x5a c:/program files (x86)/atmel/studio/7.0/toolchain/avr8/avr8-gnu-toolchain/bin/../lib/gcc/avr/5.4.0/../../../../avr/lib/avr6\libm.a(log.o)
                0x00000326                . = ALIGN (0x2)
 *fill*         0x00000325        0x1 
                0x00000326                __trampolines_start = .
 *(.trampolines)
 .trampolines   0x00000326        0x0 linker stubs
 *(.trampolines*)
                0x00000326                __trampolines_end = .
 *libprintf_flt.a:*(.progmem.data)
 .progmem.data  0x00000326        0x8 c:/program files (x86)/atmel/studio/7.0/toolchain/avr8/avr8-gnu-toolchain/bin/../lib/gcc/avr/5.4.0/../../../../avr/lib/avr6\libprintf_flt.a(vfprintf_flt.o)
 *libc.a:*(.progmem.data)
 .progmem.data  0x0000032e       0xfa c:/program files (x86)/atmel/studio/7.0/toolchain/avr8/avr8-gnu-toolchain/bin/../lib/gcc/avr/5.4.0/../../../../avr/lib/avr6\libc.a(ftoa_engine.o)
 *(.progmem*)
                0x00000428                . = ALIGN (0x2)
 *(.jumptables)
 *(.jumptables*)
 *(.lowtext)
 *(.lowtext*)
                0x00000428                __ctors_start = .
 *(.ctors)
                0x00000428                __ctors_end = .
                0x00000428                __dtors_start = .
 *(.dtors)
                0x00000428                __dtors_end = .
 SORT(*)(.ctors)
 SORT(*)(.dtors)
 *(.init0)
 .init0         0x00000428        0x0 C:/Program Files (x86)/Atmel/Studio/7.0/Packs/Atmel/ATmega_DFP/1.3.300/gcc/dev/atmega2560/avr6/crtatmega2560.o
                0x00000428                __init
 *(.init0)
 *(.init1)
 *(.init1)
 *(.init2)
 .init2         0x00000428       0x10 C:/Program Files (x86)/Atmel/Studio/7.0/Packs/Atmel/ATmega_DFP/1.3.300/gcc/dev/atmega2560/avr6/crtatmega2560.o
 *(.init2)
 *(.init3)
 *(.init3)
 *(.init4)
 .init4         0x00000438       0x1a c:/program files (x86)/atmel/studio/7.0/toolchain/avr8/avr8-gnu-toolchain/bin/../lib/gcc/avr/5.4.0/avr6\libgcc.a(_copy_data.o)
                0x00000438                __do_copy_data
 .init4         0x00000452       0x10 c:/program files (x86)/atmel/studio/7.0/toolchain/avr8/avr8-gnu-toolchain/bin/../lib/gcc/avr/5.4.0/avr6\libgcc.a(_clear_bss.o)
                0x00000452                __do_clear_bss
 *(.init4)
 *(.init5)
 *(.init5)
 *(.init6)
 *(.init6)
 *(.init7)
 *(.init7)
 *(.init8)
 *(.init8)
 *(.init9)
 .init9         0x00000462        0x6 C:/Program Files (x86)/Atmel/Studio/7.0/Packs/Atmel/ATmega_DFP/1.3.300/gcc/dev/atmega2560/avr6/crtatmega2560.o
 *(.init9)
 *(.text)
 .text          0x00000468        0x2 C:/Program Files (x86)/Atmel/Studio/7.0/Packs/Atmel/ATmega_DFP/1.3.300/gcc/dev/atmega2560/avr6/crtatmega2560.o
                0x00000468                __vector_38
                0x00000468                __vector_22
                0x00000468                __vector_28
                0x00000468                __vector_1
                0x00000468                __vector_32
                0x00000468                __vector_34
                0x00000468                __vector_24
                0x00000468                __vector_12
                0x00000468                __vector_55
                0x00000468                __vector_46
                0x00000468                __bad_interrupt
                0x00000468                __vector_6
                0x00000468                __vector_31
                0x00000468                __vector_35
                0x00000468                __vector_3
                0x00000468                __vector_30
                0x00000468                __vector_45
                0x00000468                __vector_11
                0x00000468                __vector_54
                0x00000468                __vector_13
                0x00000468                __vector_17
                0x00000468                __vector_19
                0x00000468                __vector_56
                0x00000468                __vector_7
                0x00000468                __vector_49
                0x00000468                __vector_41
                0x00000468                __vector_43
                0x00000468                __vector_27
                0x00000468                __vector_5
                0x00000468                __vector_33
                0x00000468                __vector_47
                0x00000468                __vector_52
                0x00000468                __vector_37
                0x00000468                __vector_4
                0x00000468                __vector_44
                0x00000468                __vector_9
                0x00000468                __vector_2
                0x00000468                __vector_21
                0x00000468                __vector_15
                0x00000468                __vector_36
                0x00000468                __vector_29
                0x00000468                __vector_40
                0x00000468                __vector_8
                0x00000468                __vector_26
                0x00000468                __vector_48
                0x00000468                __vector_14
                0x00000468                __vector_53
                0x00000468                __vector_10
                0x00000468                __vector_50
                0x00000468                __vector_16
                0x00000468                __vector_18
                0x00000468                __vector_20
                0x00000468                __vector_42
                0x0000046a                . = ALIGN (0x2)
 *(.text.*)
 .text.__vector_51
                0x0000046a       0x78 GPS.o
                0x0000046a                __vector_51
 .text.GPS_UART2_init
                0x000004e2       0x4c GPS.o
                0x000004e2                GPS_UART2_init
 .text.GPS_UART2_gets
                0x0000052e       0x14 GPS.o
                0x0000052e                GPS_UART2_gets
 .text.atohex   0x00000542       0x32 GPS.o
                0x00000542                atohex
 .text.GPS_parsing
                0x00000574       0xe0 GPS.o
                0x00000574                GPS_parsing
 .text.main     0x00000654      0x4e8 main.o
                0x00000654                main
 .text.getMres  0x00000b3c       0x42 mpu9250.o
                0x00000b3c                getMres
 .text.getGres  0x00000b7e       0x7c mpu9250.o
                0x00000b7e                getGres
 .text.getAres  0x00000bfa       0x7c mpu9250.o
                0x00000bfa                getAres
 .text.writeByte
                0x00000c76       0x2e mpu9250.o
                0x00000c76                writeByte
 .text.readBytes
                0x00000ca4       0x4a mpu9250.o
                0x00000ca4                readBytes
 .text.readAccelData
                0x00000cee       0x68 mpu9250.o
                0x00000cee                readAccelData
 .text.readGyroData
                0x00000d56       0x68 mpu9250.o
                0x00000d56                readGyroData
 .text.initAK8963
                0x00000dbe      0x130 mpu9250.o
                0x00000dbe                initAK8963
 .text.calibrateMPU9250
                0x00000eee      0x68a mpu9250.o
                0x00000eee                calibrateMPU9250
 .text.readByte
                0x00001578       0x1e mpu9250.o
                0x00001578                readByte
 .text.initMPU9250
                0x00001596       0xc8 mpu9250.o
                0x00001596                initMPU9250
 .text.readMagData
                0x0000165e       0x80 mpu9250.o
                0x0000165e                readMagData
 .text.MPU9250SelfTest
                0x000016de      0x554 mpu9250.o
                0x000016de                MPU9250SelfTest
 .text.readBytes_Debug
                0x00001c32      0x120 mpu9250.o
                0x00001c32                readBytes_Debug
 .text.readByte_Debug
                0x00001d52       0x3e mpu9250.o
                0x00001d52                readByte_Debug
 .text.magcalMPU9250
                0x00001d90      0x324 mpu9250.o
                0x00001d90                magcalMPU9250
 .text.mpu9250_setup
                0x000020b4      0x43e mpu9250.o
                0x000020b4                mpu9250_setup
 .text.__vector_23
                0x000024f2      0x10e Timer.o
                0x000024f2                __vector_23
 .text.Timer0_init
                0x00002600       0x12 Timer.o
                0x00002600                Timer0_init
 .text.Timer0_flag
                0x00002612       0xbe Timer.o
                0x00002612                Timer0_flag
 .text.twi_init
                0x000026d0       0x2c twi.o
                0x000026d0                twi_init
 .text.twi_readFrom
                0x000026fc       0x9c twi.o
                0x000026fc                twi_readFrom
 .text.twi_writeTo
                0x00002798       0xbe twi.o
                0x00002798                twi_writeTo
 .text.twi_stop
                0x00002856       0x16 twi.o
                0x00002856                twi_stop
 .text.twi_releaseBus
                0x0000286c        0xc twi.o
                0x0000286c                twi_releaseBus
 .text.__vector_39
                0x00002878      0x23c twi.o
                0x00002878                __vector_39
 .text.UART0_p_putchar
                0x00002ab4       0x1e UART.o
                0x00002ab4                UART0_p_putchar
 .text.__vector_25
                0x00002ad2       0x78 UART.o
                0x00002ad2                __vector_25
 .text.UART0_init
                0x00002b4a       0x58 UART.o
                0x00002b4a                UART0_init
 .text.hex2ascii
                0x00002ba2        0xc UART.o
                0x00002ba2                hex2ascii
 .text.UART0_GPS_send
                0x00002bae      0x10a UART.o
                0x00002bae                UART0_GPS_send
 .text.UART0_IMU_send
                0x00002cb8      0x14e UART.o
                0x00002cb8                UART0_IMU_send
 .text.UART0_gets
                0x00002e06       0x14 UART.o
                0x00002e06                UART0_gets
 .text.UART0_parsing
                0x00002e1a       0xd4 UART.o
                0x00002e1a                UART0_parsing
 .text.XM430_init
                0x00002eee       0x4c XM430.o
                0x00002eee                XM430_init
 .text.xm430_transmit
                0x00002f3a       0x10 XM430.o
                0x00002f3a                xm430_transmit
 .text.update_crc
                0x00002f4a       0x72 XM430.o
                0x00002f4a                update_crc
 .text.TxPacket_xm430
                0x00002fbc       0xd0 XM430.o
                0x00002fbc                TxPacket_xm430
 .text.xm430_Torque
                0x0000308c       0x14 XM430.o
                0x0000308c                xm430_Torque
 .text.xm430_Goal_velocity
                0x000030a0       0x1a XM430.o
                0x000030a0                xm430_Goal_velocity
 .text.xm430_Goal_velocity_action
                0x000030ba       0x3c XM430.o
                0x000030ba                xm430_Goal_velocity_action
 .text.avr-libc.fplib
                0x000030f6        0xa c:/program files (x86)/atmel/studio/7.0/toolchain/avr8/avr8-gnu-toolchain/bin/../lib/gcc/avr/5.4.0/../../../../avr/lib/avr6\libm.a(addsf3.o)
                0x000030f6                __subsf3
                0x000030f8                __addsf3
 .text.avr-libc.fplib
                0x00003100       0xc0 c:/program files (x86)/atmel/studio/7.0/toolchain/avr8/avr8-gnu-toolchain/bin/../lib/gcc/avr/5.4.0/../../../../avr/lib/avr6\libm.a(addsf3x.o)
                0x0000311a                __addsf3x
 .text.avr-libc.fplib
                0x000031c0       0x74 c:/program files (x86)/atmel/studio/7.0/toolchain/avr8/avr8-gnu-toolchain/bin/../lib/gcc/avr/5.4.0/../../../../avr/lib/avr6\libm.a(atan2.o)
                0x000031de                atan2
 .text.avr-libc.fplib
                0x00003234       0x50 c:/program files (x86)/atmel/studio/7.0/toolchain/avr8/avr8-gnu-toolchain/bin/../lib/gcc/avr/5.4.0/../../../../avr/lib/avr6\libm.a(atan.o)
                0x00003234                atan
 .text.avr-libc.fplib
                0x00003284        0x8 c:/program files (x86)/atmel/studio/7.0/toolchain/avr8/avr8-gnu-toolchain/bin/../lib/gcc/avr/5.4.0/../../../../avr/lib/avr6\libm.a(cmpsf2.o)
                0x00003284                __nesf2
                0x00003284                __eqsf2
                0x00003284                __cmpsf2
                0x00003284                __ltsf2
                0x00003284                __lesf2
 .text.avr-libc.fplib
                0x0000328c        0x4 c:/program files (x86)/atmel/studio/7.0/toolchain/avr8/avr8-gnu-toolchain/bin/../lib/gcc/avr/5.4.0/../../../../avr/lib/avr6\libm.a(divsf3.o)
                0x0000328c                __divsf3
 .text.avr-libc.fplib
                0x00003290       0xcc c:/program files (x86)/atmel/studio/7.0/toolchain/avr8/avr8-gnu-toolchain/bin/../lib/gcc/avr/5.4.0/../../../../avr/lib/avr6\libm.a(divsf3x.o)
                0x000032a6                __divsf3x
                0x000032aa                __divsf3_pse
 .text.avr-libc.fplib
                0x0000335c        0xa c:/program files (x86)/atmel/studio/7.0/toolchain/avr8/avr8-gnu-toolchain/bin/../lib/gcc/avr/5.4.0/../../../../avr/lib/avr6\libm.a(fixsfsi.o)
                0x0000335c                __fixsfsi
 .text.avr-libc.fplib
                0x00003366       0x58 c:/program files (x86)/atmel/studio/7.0/toolchain/avr8/avr8-gnu-toolchain/bin/../lib/gcc/avr/5.4.0/../../../../avr/lib/avr6\libm.a(fixunssfsi.o)
                0x00003366                __fixunssfsi
 .text.avr-libc.fplib
                0x000033be       0x7a c:/program files (x86)/atmel/studio/7.0/toolchain/avr8/avr8-gnu-toolchain/bin/../lib/gcc/avr/5.4.0/../../../../avr/lib/avr6\libm.a(floatsisf.o)
                0x000033be                __floatunsisf
                0x000033c2                __floatsisf
 .text.avr-libc.fplib
                0x00003438       0x48 c:/program files (x86)/atmel/studio/7.0/toolchain/avr8/avr8-gnu-toolchain/bin/../lib/gcc/avr/5.4.0/../../../../avr/lib/avr6\libm.a(fp_cmp.o)
                0x00003438                __fp_cmp
 .text.avr-libc.fplib
                0x00003480        0xc c:/program files (x86)/atmel/studio/7.0/toolchain/avr8/avr8-gnu-toolchain/bin/../lib/gcc/avr/5.4.0/../../../../avr/lib/avr6\libm.a(fp_inf.o)
                0x00003480                __fp_inf
 .text.avr-libc.fplib
                0x0000348c        0x6 c:/program files (x86)/atmel/studio/7.0/toolchain/avr8/avr8-gnu-toolchain/bin/../lib/gcc/avr/5.4.0/../../../../avr/lib/avr6\libm.a(fp_nan.o)
                0x0000348c                __fp_nan
 .text.avr-libc.fplib
                0x00003492       0x4a c:/program files (x86)/atmel/studio/7.0/toolchain/avr8/avr8-gnu-toolchain/bin/../lib/gcc/avr/5.4.0/../../../../avr/lib/avr6\libm.a(fp_powser.o)
                0x00003492                __fp_powser
 .text.avr-libc.fplib
                0x000034dc        0xe c:/program files (x86)/atmel/studio/7.0/toolchain/avr8/avr8-gnu-toolchain/bin/../lib/gcc/avr/5.4.0/../../../../avr/lib/avr6\libm.a(fp_pscA.o)
                0x000034dc                __fp_pscA
 .text.avr-libc.fplib
                0x000034ea        0xe c:/program files (x86)/atmel/studio/7.0/toolchain/avr8/avr8-gnu-toolchain/bin/../lib/gcc/avr/5.4.0/../../../../avr/lib/avr6\libm.a(fp_pscB.o)
                0x000034ea                __fp_pscB
 .text.avr-libc.fplib
                0x000034f8       0x22 c:/program files (x86)/atmel/studio/7.0/toolchain/avr8/avr8-gnu-toolchain/bin/../lib/gcc/avr/5.4.0/../../../../avr/lib/avr6\libm.a(fp_round.o)
                0x000034f8                __fp_round
 .text.avr-libc.fplib
                0x0000351a       0x44 c:/program files (x86)/atmel/studio/7.0/toolchain/avr8/avr8-gnu-toolchain/bin/../lib/gcc/avr/5.4.0/../../../../avr/lib/avr6\libm.a(fp_split3.o)
                0x0000351a                __fp_split3
                0x0000352a                __fp_splitA
 .text.avr-libc.fplib
                0x0000355e        0xe c:/program files (x86)/atmel/studio/7.0/toolchain/avr8/avr8-gnu-toolchain/bin/../lib/gcc/avr/5.4.0/../../../../avr/lib/avr6\libm.a(fp_zero.o)
                0x0000355e                __fp_zero
                0x00003560                __fp_szero
 .text.avr-libc.fplib
                0x0000356c        0xe c:/program files (x86)/atmel/studio/7.0/toolchain/avr8/avr8-gnu-toolchain/bin/../lib/gcc/avr/5.4.0/../../../../avr/lib/avr6\libm.a(inverse.o)
                0x0000356c                inverse
 .text.avr-libc.fplib
                0x0000357a        0x4 c:/program files (x86)/atmel/studio/7.0/toolchain/avr8/avr8-gnu-toolchain/bin/../lib/gcc/avr/5.4.0/../../../../avr/lib/avr6\libm.a(mulsf3.o)
                0x0000357a                __mulsf3
 .text.avr-libc.fplib
                0x0000357e       0xc2 c:/program files (x86)/atmel/studio/7.0/toolchain/avr8/avr8-gnu-toolchain/bin/../lib/gcc/avr/5.4.0/../../../../avr/lib/avr6\libm.a(mulsf3x.o)
                0x00003592                __mulsf3x
                0x00003596                __mulsf3_pse
 .text.avr-libc.fplib
                0x00003640       0x98 c:/program files (x86)/atmel/studio/7.0/toolchain/avr8/avr8-gnu-toolchain/bin/../lib/gcc/avr/5.4.0/../../../../avr/lib/avr6\libm.a(pow.o)
                0x00003640                pow
 .text.avr-libc.fplib
                0x000036d8       0x40 c:/program files (x86)/atmel/studio/7.0/toolchain/avr8/avr8-gnu-toolchain/bin/../lib/gcc/avr/5.4.0/../../../../avr/lib/avr6\libm.a(round.o)
                0x000036d8                round
 .text.avr-libc.fplib
                0x00003718        0x6 c:/program files (x86)/atmel/studio/7.0/toolchain/avr8/avr8-gnu-toolchain/bin/../lib/gcc/avr/5.4.0/../../../../avr/lib/avr6\libm.a(square.o)
                0x00003718                square
 .text.avr-libc.fplib
                0x0000371e       0x62 c:/program files (x86)/atmel/studio/7.0/toolchain/avr8/avr8-gnu-toolchain/bin/../lib/gcc/avr/5.4.0/../../../../avr/lib/avr6\libm.a(exp.o)
                0x00003728                exp
 .text.avr-libc.fplib
                0x00003780       0x36 c:/program files (x86)/atmel/studio/7.0/toolchain/avr8/avr8-gnu-toolchain/bin/../lib/gcc/avr/5.4.0/../../../../avr/lib/avr6\libm.a(fp_mintl.o)
                0x00003780                __fp_mintl
 .text.avr-libc.fplib
                0x000037b6       0x1c c:/program files (x86)/atmel/studio/7.0/toolchain/avr8/avr8-gnu-toolchain/bin/../lib/gcc/avr/5.4.0/../../../../avr/lib/avr6\libm.a(fp_mpack.o)
                0x000037b6                __fp_mpack
                0x000037ba                __fp_mpack_finite
 .text.avr-libc.fplib
                0x000037d2       0x6c c:/program files (x86)/atmel/studio/7.0/toolchain/avr8/avr8-gnu-toolchain/bin/../lib/gcc/avr/5.4.0/../../../../avr/lib/avr6\libm.a(ldexp.o)
                0x000037d6                ldexp
 .text.avr-libc.fplib
                0x0000383e       0x8a c:/program files (x86)/atmel/studio/7.0/toolchain/avr8/avr8-gnu-toolchain/bin/../lib/gcc/avr/5.4.0/../../../../avr/lib/avr6\libm.a(log.o)
                0x00003848                log
 .text.avr-libc.fplib
                0x000038c8       0x66 c:/program files (x86)/atmel/studio/7.0/toolchain/avr8/avr8-gnu-toolchain/bin/../lib/gcc/avr/5.4.0/../../../../avr/lib/avr6\libm.a(modf.o)
                0x000038c8                modf
                0x000038c8                modff
 .text.avr-libc
                0x0000392e      0x712 c:/program files (x86)/atmel/studio/7.0/toolchain/avr8/avr8-gnu-toolchain/bin/../lib/gcc/avr/5.4.0/../../../../avr/lib/avr6\libprintf_flt.a(vfprintf_flt.o)
                0x0000392e                vfprintf
 .text.libgcc.div
                0x00004040       0x26 c:/program files (x86)/atmel/studio/7.0/toolchain/avr8/avr8-gnu-toolchain/bin/../lib/gcc/avr/5.4.0/avr6\libgcc.a(_divmodhi4.o)
                0x00004040                _div
                0x00004040                __divmodhi4
 .text.libgcc.div
                0x00004066       0x44 c:/program files (x86)/atmel/studio/7.0/toolchain/avr8/avr8-gnu-toolchain/bin/../lib/gcc/avr/5.4.0/avr6\libgcc.a(_udivmodsi4.o)
                0x00004066                __udivmodsi4
 .text.libgcc.div
                0x000040aa       0x28 c:/program files (x86)/atmel/studio/7.0/toolchain/avr8/avr8-gnu-toolchain/bin/../lib/gcc/avr/5.4.0/avr6\libgcc.a(_divmodsi4.o)
                0x000040aa                __divmodsi4
 .text.libgcc.div
                0x000040d2       0x10 c:/program files (x86)/atmel/studio/7.0/toolchain/avr8/avr8-gnu-toolchain/bin/../lib/gcc/avr/5.4.0/avr6\libgcc.a(_negsi2.o)
                0x000040d2                __negsi2
 .text.libgcc   0x000040e2       0x10 c:/program files (x86)/atmel/studio/7.0/toolchain/avr8/avr8-gnu-toolchain/bin/../lib/gcc/avr/5.4.0/avr6\libgcc.a(_tablejump2.o)
                0x000040e2                __tablejump2__
 .text.libgcc.mul
                0x000040f2       0x1e c:/program files (x86)/atmel/studio/7.0/toolchain/avr8/avr8-gnu-toolchain/bin/../lib/gcc/avr/5.4.0/avr6\libgcc.a(_umulhisi3.o)
                0x000040f2                __umulhisi3
 .text.libgcc.div
                0x00004110       0x28 c:/program files (x86)/atmel/studio/7.0/toolchain/avr8/avr8-gnu-toolchain/bin/../lib/gcc/avr/5.4.0/avr6\libgcc.a(_udivmodhi4.o)
                0x00004110                __udivmodhi4
 .text.avr-libc
                0x00004138      0x1b0 c:/program files (x86)/atmel/studio/7.0/toolchain/avr8/avr8-gnu-toolchain/bin/../lib/gcc/avr/5.4.0/../../../../avr/lib/avr6\libc.a(ftoa_engine.o)
                0x00004138                __ftoa_engine
 .text.avr-libc
                0x000042e8       0x16 c:/program files (x86)/atmel/studio/7.0/toolchain/avr8/avr8-gnu-toolchain/bin/../lib/gcc/avr/5.4.0/../../../../avr/lib/avr6\libc.a(strnlen_P.o)
                0x000042e8                strnlen_P
 .text.avr-libc
                0x000042fe        0xe c:/program files (x86)/atmel/studio/7.0/toolchain/avr8/avr8-gnu-toolchain/bin/../lib/gcc/avr/5.4.0/../../../../avr/lib/avr6\libc.a(strcpy.o)
                0x000042fe                strcpy
 .text.avr-libc
                0x0000430c       0x16 c:/program files (x86)/atmel/studio/7.0/toolchain/avr8/avr8-gnu-toolchain/bin/../lib/gcc/avr/5.4.0/../../../../avr/lib/avr6\libc.a(strnlen.o)
                0x0000430c                strnlen
 .text.avr-libc
                0x00004322       0x14 c:/program files (x86)/atmel/studio/7.0/toolchain/avr8/avr8-gnu-toolchain/bin/../lib/gcc/avr/5.4.0/../../../../avr/lib/avr6\libc.a(itoa.o)
                0x00004322                __itoa
                0x00004322                itoa
 .text.avr-libc
                0x00004336       0x14 c:/program files (x86)/atmel/studio/7.0/toolchain/avr8/avr8-gnu-toolchain/bin/../lib/gcc/avr/5.4.0/../../../../avr/lib/avr6\libc.a(itoa_ncheck.o)
                0x00004336                __itoa_ncheck
 .text.avr-libc
                0x0000434a       0x32 c:/program files (x86)/atmel/studio/7.0/toolchain/avr8/avr8-gnu-toolchain/bin/../lib/gcc/avr/5.4.0/../../../../avr/lib/avr6\libc.a(utoa_ncheck.o)
                0x0000434a                __utoa_ncheck
                0x0000434c                __utoa_common
 .text.avr-libc
                0x0000437c       0x78 c:/program files (x86)/atmel/studio/7.0/toolchain/avr8/avr8-gnu-toolchain/bin/../lib/gcc/avr/5.4.0/../../../../avr/lib/avr6\libc.a(fputc.o)
                0x0000437c                fputc
 .text.avr-libc
                0x000043f4       0x26 c:/program files (x86)/atmel/studio/7.0/toolchain/avr8/avr8-gnu-toolchain/bin/../lib/gcc/avr/5.4.0/../../../../avr/lib/avr6\libc.a(printf.o)
                0x000043f4                printf
 .text.avr-libc
                0x0000441a        0xa c:/program files (x86)/atmel/studio/7.0/toolchain/avr8/avr8-gnu-toolchain/bin/../lib/gcc/avr/5.4.0/../../../../avr/lib/avr6\libc.a(putchar.o)
                0x0000441a                putchar
 .text.avr-libc
                0x00004424       0x60 c:/program files (x86)/atmel/studio/7.0/toolchain/avr8/avr8-gnu-toolchain/bin/../lib/gcc/avr/5.4.0/../../../../avr/lib/avr6\libc.a(puts.o)
                0x00004424                puts
 .text.avr-libc
                0x00004484       0xbc c:/program files (x86)/atmel/studio/7.0/toolchain/avr8/avr8-gnu-toolchain/bin/../lib/gcc/avr/5.4.0/../../../../avr/lib/avr6\libc.a(ultoa_invert.o)
                0x00004484                __ultoa_invert
 .text.avr-libc
                0x00004540       0x20 c:/program files (x86)/atmel/studio/7.0/toolchain/avr8/avr8-gnu-toolchain/bin/../lib/gcc/avr/5.4.0/../../../../avr/lib/avr6\libc.a(strrev.o)
                0x00004540                strrev
                0x00004560                . = ALIGN (0x2)
 *(.fini9)
 .fini9         0x00004560        0x0 c:/program files (x86)/atmel/studio/7.0/toolchain/avr8/avr8-gnu-toolchain/bin/../lib/gcc/avr/5.4.0/avr6\libgcc.a(_exit.o)
                0x00004560                _exit
                0x00004560                exit
 *(.fini9)
 *(.fini8)
 *(.fini8)
 *(.fini7)
 *(.fini7)
 *(.fini6)
 *(.fini6)
 *(.fini5)
 *(.fini5)
 *(.fini4)
 *(.fini4)
 *(.fini3)
 *(.fini3)
 *(.fini2)
 *(.fini2)
 *(.fini1)
 *(.fini1)
 *(.fini0)
 .fini0         0x00004560        0x4 c:/program files (x86)/atmel/studio/7.0/toolchain/avr8/avr8-gnu-toolchain/bin/../lib/gcc/avr/5.4.0/avr6\libgcc.a(_exit.o)
 *(.fini0)
                0x00004564                _etext = .

.data           0x00800200      0x72e load address 0x00004564
                0x00800200                PROVIDE (__data_start, .)
 *(.data)
 *(.data*)
 .data.Mmode    0x00800200        0x1 mpu9250.o
                0x00800200                Mmode
 .data.Mscale   0x00800201        0x1 mpu9250.o
                0x00800201                Mscale
 .data.mystdout
                0x00800202        0xe UART.o
 *(.gnu.linkonce.d*)
 *(.rodata)
 .rodata        0x00800210        0xc mpu9250.o
 .rodata        0x0080021c      0x200 XM430.o
 *(.rodata*)
 .rodata.str1.1
                0x0080041c       0x24 GPS.o
 .rodata.str1.1
                0x00800440        0x4 main.o
 .rodata.str1.1
                0x00800444      0x4d3 mpu9250.o
                                0x4f7 (size before relaxing)
 .rodata.str1.1
                0x00800917       0x17 UART.o
 *(.gnu.linkonce.r*)
                0x0080092e                . = ALIGN (0x2)
                0x0080092e                _edata = .
                0x0080092e                PROVIDE (__data_end, .)

.bss            0x0080092e      0x4aa
                0x0080092e                PROVIDE (__bss_start, .)
 *(.bss)
 *(.bss*)
 .bss.uart2_rx_str_flag
                0x0080092e        0x1 GPS.o
                0x0080092e                uart2_rx_str_flag
 .bss.uart2_rx_idx
                0x0080092f        0x1 GPS.o
                0x0080092f                uart2_rx_idx
 .bss.magScale  0x00800930        0xc mpu9250.o
                0x00800930                magScale
 .bss.magBias   0x0080093c        0xc mpu9250.o
                0x0080093c                magBias
 .bss.magCalibration
                0x00800948        0xc mpu9250.o
                0x00800948                magCalibration
 .bss.accelBias
                0x00800954        0xc mpu9250.o
                0x00800954                accelBias
 .bss.gyroBias  0x00800960        0xc mpu9250.o
                0x00800960                gyroBias
 .bss.Ascale    0x0080096c        0x1 mpu9250.o
                0x0080096c                Ascale
 .bss.Gscale    0x0080096d        0x1 mpu9250.o
                0x0080096d                Gscale
 .bss.Timer0_1000ms_flag
                0x0080096e        0x2 Timer.o
                0x0080096e                Timer0_1000ms_flag
 .bss.Timer0_1000ms_cnt
                0x00800970        0x2 Timer.o
                0x00800970                Timer0_1000ms_cnt
 .bss.Timer0_500ms_flag
                0x00800972        0x2 Timer.o
                0x00800972                Timer0_500ms_flag
 .bss.Timer0_500ms_cnt
                0x00800974        0x2 Timer.o
                0x00800974                Timer0_500ms_cnt
 .bss.Timer0_240ms_flag
                0x00800976        0x2 Timer.o
                0x00800976                Timer0_240ms_flag
 .bss.Timer0_240ms_cnt
                0x00800978        0x2 Timer.o
                0x00800978                Timer0_240ms_cnt
 .bss.Timer0_20ms_flag
                0x0080097a        0x2 Timer.o
                0x0080097a                Timer0_20ms_flag
 .bss.Timer0_20ms_cnt
                0x0080097c        0x2 Timer.o
                0x0080097c                Timer0_20ms_cnt
 .bss.Timer0_1ms_flag
                0x0080097e        0x2 Timer.o
                0x0080097e                Timer0_1ms_flag
 .bss.Timer0_1ms_cnt
                0x00800980        0x2 Timer.o
                0x00800980                Timer0_1ms_cnt
 .bss.twi_error
                0x00800982        0x1 twi.o
 .bss.twi_rxBufferIndex
                0x00800983        0x1 twi.o
 .bss.twi_rxBuffer
                0x00800984       0x20 twi.o
 .bss.twi_txBufferLength
                0x008009a4        0x1 twi.o
 .bss.twi_txBufferIndex
                0x008009a5        0x1 twi.o
 .bss.twi_txBuffer
                0x008009a6       0x20 twi.o
 .bss.twi_masterBufferLength
                0x008009c6        0x1 twi.o
 .bss.twi_masterBufferIndex
                0x008009c7        0x1 twi.o
 .bss.twi_masterBuffer
                0x008009c8       0x20 twi.o
 .bss.twi_onSlaveReceive
                0x008009e8        0x2 twi.o
 .bss.twi_onSlaveTransmit
                0x008009ea        0x2 twi.o
 .bss.twi_inRepStart
                0x008009ec        0x1 twi.o
 .bss.twi_sendStop
                0x008009ed        0x1 twi.o
 .bss.twi_slarw
                0x008009ee        0x1 twi.o
 .bss.twi_state
                0x008009ef        0x1 twi.o
 .bss.uart0_rx_str_flag
                0x008009f0        0x1 UART.o
                0x008009f0                uart0_rx_str_flag
 .bss.uart0_rx_idx
                0x008009f1        0x1 UART.o
                0x008009f1                uart0_rx_idx
 *(COMMON)
 COMMON         0x008009f2      0x100 GPS.o
                0x008009f2                uart2_rx_data
                0x008009f3                uart2_rx_buffer
 COMMON         0x00800af2       0x60 main.o
                0x00800af2                accelCount
                0x00800af8                SelfTest
                0x00800b10                gy
                0x00800b14                az
                0x00800b18                temperature
                0x00800b1c                gyroCount
                0x00800b22                my
                0x00800b26                ax
                0x00800b2a                aRes
                0x00800b2e                tempCount
                0x00800b30                gz
                0x00800b34                gRes
                0x00800b38                mz
                0x00800b3c                magCount
                0x00800b42                mRes
                0x00800b46                gx
                0x00800b4a                ay
                0x00800b4e                mx
 COMMON         0x00800b52      0x180 UART.o
                0x00800b52                UART0_TxBuffer
                0x00800bd2                uart0_rx_data
                0x00800bd3                UART0_Rx_buffer
 COMMON         0x00800cd2      0x100 XM430.o
                0x00800cd2                gbpParameter
                0x00800d52                gbpTxBuffer
 COMMON         0x00800dd2        0x6 c:/program files (x86)/atmel/studio/7.0/toolchain/avr8/avr8-gnu-toolchain/bin/../lib/gcc/avr/5.4.0/../../../../avr/lib/avr6\libc.a(iob.o)
                0x00800dd2                __iob
                0x00800dd8                PROVIDE (__bss_end, .)
                0x00004564                __data_load_start = LOADADDR (.data)
                0x00004c92                __data_load_end = (__data_load_start + SIZEOF (.data))

.noinit         0x00800dd8        0x0
                [!provide]                PROVIDE (__noinit_start, .)
 *(.noinit*)
                [!provide]                PROVIDE (__noinit_end, .)
                0x00800dd8                _end = .
                [!provide]                PROVIDE (__heap_start, .)

.eeprom         0x00810000        0x0
 *(.eeprom*)
                0x00810000                __eeprom_end = .

.fuse
 *(.fuse)
 *(.lfuse)
 *(.hfuse)
 *(.efuse)

.lock
 *(.lock*)

.signature
 *(.signature*)

.user_signatures
 *(.user_signatures*)

.stab
 *(.stab)

.stabstr
 *(.stabstr)

.stab.excl
 *(.stab.excl)

.stab.exclstr
 *(.stab.exclstr)

.stab.index
 *(.stab.index)

.stab.indexstr
 *(.stab.indexstr)

.comment        0x00000000       0x5c
 *(.comment)
 .comment       0x00000000       0x30 GPS.o
                                 0x31 (size before relaxing)
 .comment       0x00000030       0x31 main.o
 .comment       0x00000030       0x31 mpu9250.o
 .comment       0x00000030       0x31 Timer.o
 .comment       0x00000030       0x31 twi.o
 .comment       0x00000030       0x31 UART.o
 .comment       0x00000030       0x31 XM430.o
 .comment       0x00000030       0x2c c:/program files (x86)/atmel/studio/7.0/toolchain/avr8/avr8-gnu-toolchain/bin/../lib/gcc/avr/5.4.0/../../../../avr/lib/avr6\libprintf_flt.a(vfprintf_flt.o)
                                 0x2d (size before relaxing)
 .comment       0x0000005c       0x31 c:/program files (x86)/atmel/studio/7.0/toolchain/avr8/avr8-gnu-toolchain/bin/../lib/gcc/avr/5.4.0/../../../../avr/lib/avr6\libc.a(fputc.o)
 .comment       0x0000005c       0x31 c:/program files (x86)/atmel/studio/7.0/toolchain/avr8/avr8-gnu-toolchain/bin/../lib/gcc/avr/5.4.0/../../../../avr/lib/avr6\libc.a(iob.o)
 .comment       0x0000005c       0x31 c:/program files (x86)/atmel/studio/7.0/toolchain/avr8/avr8-gnu-toolchain/bin/../lib/gcc/avr/5.4.0/../../../../avr/lib/avr6\libc.a(printf.o)
 .comment       0x0000005c       0x31 c:/program files (x86)/atmel/studio/7.0/toolchain/avr8/avr8-gnu-toolchain/bin/../lib/gcc/avr/5.4.0/../../../../avr/lib/avr6\libc.a(putchar.o)
 .comment       0x0000005c       0x31 c:/program files (x86)/atmel/studio/7.0/toolchain/avr8/avr8-gnu-toolchain/bin/../lib/gcc/avr/5.4.0/../../../../avr/lib/avr6\libc.a(puts.o)

.note.gnu.avr.deviceinfo
                0x00000000       0x40
 .note.gnu.avr.deviceinfo
                0x00000000       0x40 C:/Program Files (x86)/Atmel/Studio/7.0/Packs/Atmel/ATmega_DFP/1.3.300/gcc/dev/atmega2560/avr6/crtatmega2560.o

.note.gnu.build-id
 *(.note.gnu.build-id)

.debug
 *(.debug)

.line
 *(.line)

.debug_srcinfo
 *(.debug_srcinfo)

.debug_sfnames
 *(.debug_sfnames)

.debug_aranges  0x00000000      0x2a0
 *(.debug_aranges)
 .debug_aranges
                0x00000000       0x50 GPS.o
 .debug_aranges
                0x00000050       0x20 main.o
 .debug_aranges
                0x00000070       0xb0 mpu9250.o
 .debug_aranges
                0x00000120       0x30 Timer.o
 .debug_aranges
                0x00000150       0x70 twi.o
 .debug_aranges
                0x000001c0       0x70 UART.o
 .debug_aranges
                0x00000230       0x70 XM430.o

.debug_pubnames
 *(.debug_pubnames)

.debug_info     0x00000000     0x4b8f
 *(.debug_info .gnu.linkonce.wi.*)
 .debug_info    0x00000000      0xbbc C:/Program Files (x86)/Atmel/Studio/7.0/Packs/Atmel/ATmega_DFP/1.3.300/gcc/dev/atmega2560/avr6/crtatmega2560.o
 .debug_info    0x00000bbc      0x312 GPS.o
 .debug_info    0x00000ece      0x6fd main.o
 .debug_info    0x000015cb     0x1e52 mpu9250.o
 .debug_info    0x0000341d      0x17a Timer.o
 .debug_info    0x00003597      0x5cf twi.o
 .debug_info    0x00003b66      0x718 UART.o
 .debug_info    0x0000427e      0x911 XM430.o

.debug_abbrev   0x00000000     0x1848
 *(.debug_abbrev)
 .debug_abbrev  0x00000000      0xb1a C:/Program Files (x86)/Atmel/Studio/7.0/Packs/Atmel/ATmega_DFP/1.3.300/gcc/dev/atmega2560/avr6/crtatmega2560.o
 .debug_abbrev  0x00000b1a      0x1ab GPS.o
 .debug_abbrev  0x00000cc5      0x143 main.o
 .debug_abbrev  0x00000e08      0x327 mpu9250.o
 .debug_abbrev  0x0000112f       0xa5 Timer.o
 .debug_abbrev  0x000011d4      0x222 twi.o
 .debug_abbrev  0x000013f6      0x292 UART.o
 .debug_abbrev  0x00001688      0x1c0 XM430.o

.debug_line     0x00000000     0x2314
 *(.debug_line .debug_line.* .debug_line_end)
 .debug_line    0x00000000      0x1f9 C:/Program Files (x86)/Atmel/Studio/7.0/Packs/Atmel/ATmega_DFP/1.3.300/gcc/dev/atmega2560/avr6/crtatmega2560.o
 .debug_line    0x000001f9      0x2ae GPS.o
 .debug_line    0x000004a7      0x239 main.o
 .debug_line    0x000006e0      0xc85 mpu9250.o
 .debug_line    0x00001365      0x1b9 Timer.o
 .debug_line    0x0000151e      0x4d8 twi.o
 .debug_line    0x000019f6      0x4ad UART.o
 .debug_line    0x00001ea3      0x471 XM430.o

.debug_frame    0x00000000      0xaf0
 *(.debug_frame)
 .debug_frame   0x00000000      0x100 GPS.o
 .debug_frame   0x00000100       0x38 main.o
 .debug_frame   0x00000138      0x594 mpu9250.o
 .debug_frame   0x000006cc       0x60 Timer.o
 .debug_frame   0x0000072c      0x114 twi.o
 .debug_frame   0x00000840      0x16c UART.o
 .debug_frame   0x000009ac      0x144 XM430.o

.debug_str      0x00000000     0x1076
 *(.debug_str)
 .debug_str     0x00000000      0x3e6 C:/Program Files (x86)/Atmel/Studio/7.0/Packs/Atmel/ATmega_DFP/1.3.300/gcc/dev/atmega2560/avr6/crtatmega2560.o
 .debug_str     0x000003e6      0x228 GPS.o
                                0x273 (size before relaxing)
 .debug_str     0x0000060e      0x191 main.o
                                0x32b (size before relaxing)
 .debug_str     0x0000079f      0x427 mpu9250.o
                                0x669 (size before relaxing)
 .debug_str     0x00000bc6       0xc4 Timer.o
                                0x22e (size before relaxing)
 .debug_str     0x00000c8a      0x188 twi.o
                                0x329 (size before relaxing)
 .debug_str     0x00000e12      0x112 UART.o
                                0x311 (size before relaxing)
 .debug_str     0x00000f24      0x152 XM430.o
                                0x3a0 (size before relaxing)

.debug_loc      0x00000000     0x4d61
 *(.debug_loc)
 .debug_loc     0x00000000      0x3d5 GPS.o
 .debug_loc     0x000003d5      0x165 main.o
 .debug_loc     0x0000053a     0x2f6e mpu9250.o
 .debug_loc     0x000034a8      0x112 Timer.o
 .debug_loc     0x000035ba      0x552 twi.o
 .debug_loc     0x00003b0c      0x7a2 UART.o
 .debug_loc     0x000042ae      0xab3 XM430.o

.debug_macinfo
 *(.debug_macinfo)

.debug_weaknames
 *(.debug_weaknames)

.debug_funcnames
 *(.debug_funcnames)

.debug_typenames
 *(.debug_typenames)

.debug_varnames
 *(.debug_varnames)

.debug_pubtypes
 *(.debug_pubtypes)

.debug_ranges   0x00000000      0x2f0
 *(.debug_ranges)
 .debug_ranges  0x00000000       0x58 GPS.o
 .debug_ranges  0x00000058       0x40 main.o
 .debug_ranges  0x00000098       0xe8 mpu9250.o
 .debug_ranges  0x00000180       0x20 Timer.o
 .debug_ranges  0x000001a0       0x60 twi.o
 .debug_ranges  0x00000200       0x90 UART.o
 .debug_ranges  0x00000290       0x60 XM430.o

.debug_macro
 *(.debug_macro)
OUTPUT(self_d_test2.elf elf32-avr)
LOAD linker stubs
